START trigger deployment
=== AGS_DFN_COMPOUND ===
OK   AGS_DFN_COMPOUND

=== AGS_EPN_COMPOUND ===
OK   AGS_EPN_COMPOUND

=== ATN_ATS_COMPOUND ===
OK   ATN_ATS_COMPOUND

=== ATN_CPY_COMPOUND ===
OK   ATN_CPY_COMPOUND

=== ATN_RCC_COMPOUND ===
OK   ATN_RCC_COMPOUND

=== BLN_ARE_COMPOUND ===
OK   BLN_ARE_COMPOUND

=== BLN_ATE_COMPOUND ===
OK   BLN_ATE_COMPOUND

=== BLN_BLA_COMPOUND ===
OK   BLN_BLA_COMPOUND

=== BLN_BLA_VLE_COMPOUND ===
OK   BLN_BLA_VLE_COMPOUND

=== BLN_BLS_COMPOUND ===
OK   BLN_BLS_COMPOUND

=== BLN_BLS_VLE_COMPOUND ===
OK   BLN_BLS_VLE_COMPOUND

=== BLN_CTE_COMPOUND ===
OK   BLN_CTE_COMPOUND

=== BLN_CTP_COMPOUND ===
OK   BLN_CTP_COMPOUND

=== BLN_CTY_COMPOUND ===
OK   BLN_CTY_COMPOUND

=== BLN_LBD_COMPOUND ===
OK   BLN_LBD_COMPOUND

=== BLN_LCT_COMPOUND ===
OK   BLN_LCT_COMPOUND

=== BLN_OFD_COMPOUND ===
OK   BLN_OFD_COMPOUND

=== BLN_PAN_COMPOUND ===
OK   BLN_PAN_COMPOUND

=== BLN_PAN_VLE_COMPOUND ===
OK   BLN_PAN_VLE_COMPOUND

=== BLN_RCD_COMPOUND ===
OK   BLN_RCD_COMPOUND

=== BLN_RCE_COMPOUND ===
OK   BLN_RCE_COMPOUND

=== BLN_RCL_COMPOUND ===
OK   BLN_RCL_COMPOUND

=== BLN_SPE_COMPOUND ===
OK   BLN_SPE_COMPOUND

=== BLN_SPV_COMPOUND ===
OK   BLN_SPV_COMPOUND

=== DQF_DFN_COMPOUND ===
OK   DQF_DFN_COMPOUND

=== DQF_RST_COMPOUND ===
OK   DQF_RST_COMPOUND

=== EFT_EFT_COMPOUND ===
OK   EFT_EFT_COMPOUND

=== EFT_ENY_COMPOUND ===
OK   EFT_ENY_COMPOUND

=== EMT_SET_COMPOUND ===
OK   EMT_SET_COMPOUND

=== GNN_GCY_COMPOUND ===
OK   GNN_GCY_COMPOUND

=== GNN_GNNCPY_COMPOUND ===
OK   GNN_GNNCPY_COMPOUND

=== MSE_OPE_COMPOUND ===
OK   MSE_OPE_COMPOUND

=== PCS_ADE_COMPOUND ===
OK   PCS_ADE_COMPOUND

=== PCS_DLE_COMPOUND ===
OK   PCS_DLE_COMPOUND

=== PCS_JSR_COMPOUND ===
OK   PCS_JSR_COMPOUND

=== PCS_THE_COMPOUND ===
OK   PCS_THE_COMPOUND

=== PCS_TLV_COMPOUND ===
OK   PCS_TLV_COMPOUND

=== PCS_TRY_COMPOUND ===
OK   PCS_TRY_COMPOUND

=== STAGE_MIT_COMPOUND ===
OK   STAGE_MIT_COMPOUND

=== STT_CGT_COMPOUND ===
OK   STT_CGT_COMPOUND

=== STT_RCE_COMPOUND ===
OK   STT_RCE_COMPOUND

=== STT_RCEVLE_COMPOUND ===
OK   STT_RCEVLE_COMPOUND

=== STT_RVE_COMPOUND ===
OK   STT_RVE_COMPOUND

=== STT_RVEVLE_COMPOUND ===
OK   STT_RVEVLE_COMPOUND

=== SUP_NEE_COMPOUND ===
OK   SUP_NEE_COMPOUND

=== SUP_WSS_COMPOUND ===
OK   SUP_WSS_COMPOUND

=== TCY_CCY_COMPOUND ===
OK   TCY_CCY_COMPOUND

=== TCY_CPY_COMPOUND ===
OK   TCY_CPY_COMPOUND

=== TCY_ECY_COMPOUND ===
OK   TCY_ECY_COMPOUND

=== TCY_NPC_COMPOUND ===
OK   TCY_NPC_COMPOUND

=== TCY_NPN_COMPOUND ===
OK   TCY_NPN_COMPOUND

=== TCY_SEE_COMPOUND ===
OK   TCY_SEE_COMPOUND

=== TCY_TCY_COMPOUND ===
OK   TCY_TCY_COMPOUND

=== TDE_PCE_COMPOUND ===
OK   TDE_PCE_COMPOUND

=== TPT_RDE_COMPOUND ===
OK   TPT_RDE_COMPOUND

=== TPT_RDEVL_COMPOUND ===
OK   TPT_RDEVL_COMPOUND

=== TPT_RDT_COMPOUND ===
OK   TPT_RDT_COMPOUND

DONE trigger deployment
